[sites.google.com/view/ryokokun/socialse486.html]
[sites.google.com/view/ryokokun/POST.1.delayed]
[backblue.gif]
[fade.gif]
[index.html]
[ssl.gstatic.com/atari/images/simple-header-blended-small.png]
[sites.google.com/view/ryokokun/socialse486.html]
[sites.google.com/view/ryokokun/POST.html]
[sites.google.com/view/ryokokun/socialsfd93.html]
[sites.google.com/view/ryokokun/socialsfd93.html]
[sites.google.com/view/ryokokun/eng.html]
[sites.google.com/view/ryokokun/socials.html]
[sites.google.com/view/ryokokun/日本語.html]
[sites.google.com/view/ryokokun/sona-pics.html]
[apis.google.com/js/clientc932.js]
[sites.google.com/view/ryokokun/random-bs.html]
[sites.google.com/view/ryokokun/_https_/misleadingname.a.delayed]
[sites.google.com/view/ryokokun/_https_/misleadingname.cc/static/button.b.delayed]
[sites.google.com/view/ryokokun/_https_/blueberry.coffee/_.c.delayed]
[sites.google.com/view/ryokokun/_https_/blueberry.coffee/static/button.d.delayed]
[sites.google.com/view/ryokokun/_https_/conikku.e.delayed]
[sites.google.com/view/ryokokun/_https_/raw.githubusercontent.com/Conikku/webassets/refs/heads/main/conikkuwebsitebutton.png___/a__.f.delayed]
[sites.google.com/view/ryokokun/_https_/lao.ooo/_.10.delayed]
[sites.google.com/view/ryokokun/_https_/lao.ooo/lao.11.delayed]
[sites.google.com/view/ryokokun/日本語.html]
[sites.google.com/view/ryokokun/eng.html]
[sites.google.com/view/ryokokun/socials.html]
[sites.google.com/view/ryokokun/sona-pics.html]
[sites.google.com/view/ryokokun/random-bs.html]
[sites.google.com/view/ryokokun/_https_/misleadingname.html]
[sites.google.com/view/ryokokun/_https_/misleadingname.cc/static/button.html]
[sites.google.com/view/ryokokun/_https_/blueberry.coffee/_.html]
[sites.google.com/view/ryokokun/_https_/blueberry.coffee/static/button.html]
[sites.google.com/view/ryokokun/_https_/conikku.html]
[sites.google.com/view/ryokokun/_https_/raw.githubusercontent.com/Conikku/webassets/refs/heads/main/conikkuwebsitebutton.png___/a__.html]
[sites.google.com/view/ryokokun/_https_/lao.ooo/_.html]
[sites.google.com/view/ryokokun/_https_/lao.ooo/lao.html]
